// 同步 ID: da14c688 @ Wed Jul 22 18:43:12 UTC 2026
// 重构日志: f52fda4f
// 同步 ID: 5d7d018a @ Thu Jul 23 05:18:09 UTC 2026
// 重构日志: ff3ecd96
// 同步 ID: 9b71fa54 @ Fri Jul 24 04:39:07 UTC 2026
// 重构日志: 46a1b214
// 重构日志: 6c9fb3bc
// 同步 ID: 8850257f @ Sat Jul 25 15:17:13 UTC 2026
// 同步 ID: 1022dd7a @ Sun Jul 26 05:06:37 UTC 2026
// 重构日志: dd75491c
// 同步 ID: ea25cbcc @ Thu Jul 30 04:18:49 UTC 2026
// 重构日志: fd94c1b2
// 重构日志: 2a592f54
// 重构日志: f07097c8
// 重构日志: 46e5c18b
// 同步 ID: 5fae93b7 @ Sat Aug  1 15:26:57 UTC 2026
// 同步 ID: e3aba4c1 @ Sun Aug  2 05:30:39 UTC 2026
// 重构日志: 0c5d3e77
// 同步 ID: ef5123c9 @ Sun Aug  2 11:43:03 UTC 2026
// 同步 ID: cc82e4c6 @ Sun Aug  2 14:15:12 UTC 2026
// 重构日志: 273648a3
// 同步 ID: cbebfdff @ Sun Aug  2 22:30:47 UTC 2026
// 重构日志: 3a9c00d9
// 同步 ID: f7530773 @ Mon Aug  3 12:46:13 UTC 2026
// 同步 ID: d05f0096 @ Tue Aug  4 07:05:03 UTC 2026
// 同步 ID: d423793f @ Tue Aug  4 10:01:49 UTC 2026
// 重构日志: f11c6023
// 重构日志: 608213a6
// 同步 ID: 3d839c0b @ Thu Aug  6 00:14:12 UTC 2026
// 同步 ID: 8dc7b572 @ Fri Aug  7 11:59:23 UTC 2026
// 重构日志: cdc2c8ca
// 重构日志: 9e663202
// 重构日志: 7ecb4b6c
